OpenJDK 64-Bit Server VM warning: Options -Xverify:none and -noverify were deprecated in JDK 13 and will likely be removed in a future release.

  .   ____          _            __ _ _
 /\\ / ___'_ __ _ _(_)_ __  __ _ \ \ \ \
( ( )\___ | '_ | '_| | '_ \/ _` | \ \ \ \
 \\/  ___)| |_)| | | | | || (_| |  ) ) ) )
  '  |____| .__|_| |_|_| |_\__, | / / / /
 =========|_|==============|___/=/_/_/_/
 :: Spring Boot ::                (v2.5.0)

2021-06-05 15:08:50.946  INFO 25452 --- [  restartedMain] r.m.p.Practice1425Application            : Starting Practice1425Application using Java 15.0.1 on DESKTOP-31L6BV3 with PID 25452 (C:\Users\light\OneDrive\Документы\GitHub\Java2\practice14_25\target\classes started by light in C:\Users\light\OneDrive\Документы\GitHub\Java2\practice14_25)
2021-06-05 15:08:50.951  INFO 25452 --- [  restartedMain] r.m.p.Practice1425Application            : No active profile set, falling back to default profiles: default
2021-06-05 15:08:51.007  INFO 25452 --- [  restartedMain] .e.DevToolsPropertyDefaultsPostProcessor : Devtools property defaults active! Set 'spring.devtools.add-properties' to 'false' to disable
2021-06-05 15:08:51.007  INFO 25452 --- [  restartedMain] .e.DevToolsPropertyDefaultsPostProcessor : For additional web related logging consider setting the 'logging.level.web' property to 'DEBUG'
2021-06-05 15:08:51.019  WARN 25452 --- [kground-preinit] o.s.h.c.j.Jackson2ObjectMapperBuilder    : For Jackson Kotlin classes support please add "com.fasterxml.jackson.module:jackson-module-kotlin" to the classpath
2021-06-05 15:08:51.834  INFO 25452 --- [  restartedMain] .s.d.r.c.RepositoryConfigurationDelegate : Bootstrapping Spring Data JPA repositories in DEFAULT mode.
2021-06-05 15:08:51.925  INFO 25452 --- [  restartedMain] .s.d.r.c.RepositoryConfigurationDelegate : Finished Spring Data repository scanning in 78 ms. Found 3 JPA repository interfaces.
2021-06-05 15:08:52.816  INFO 25452 --- [  restartedMain] o.s.b.w.embedded.tomcat.TomcatWebServer  : Tomcat initialized with port(s): 8080 (http)
2021-06-05 15:08:52.832  INFO 25452 --- [  restartedMain] o.apache.catalina.core.StandardService   : Starting service [Tomcat]
2021-06-05 15:08:52.832  INFO 25452 --- [  restartedMain] org.apache.catalina.core.StandardEngine  : Starting Servlet engine: [Apache Tomcat/9.0.46]
2021-06-05 15:08:53.002  INFO 25452 --- [  restartedMain] o.a.c.c.C.[Tomcat].[localhost].[/]       : Initializing Spring embedded WebApplicationContext
2021-06-05 15:08:53.002  INFO 25452 --- [  restartedMain] w.s.c.ServletWebServerApplicationContext : Root WebApplicationContext: initialization completed in 1993 ms
2021-06-05 15:08:53.243  INFO 25452 --- [  restartedMain] o.hibernate.jpa.internal.util.LogHelper  : HHH000204: Processing PersistenceUnitInfo [name: default]
2021-06-05 15:08:53.276  INFO 25452 --- [  restartedMain] org.hibernate.Version                    : HHH000412: Hibernate ORM core version 5.4.31.Final
2021-06-05 15:08:53.446  INFO 25452 --- [  restartedMain] o.hibernate.annotations.common.Version   : HCANN000001: Hibernate Commons Annotations {5.1.2.Final}
2021-06-05 15:08:53.544  INFO 25452 --- [  restartedMain] com.zaxxer.hikari.HikariDataSource       : HikariPool-1 - Starting...
2021-06-05 15:08:54.000  INFO 25452 --- [  restartedMain] com.zaxxer.hikari.HikariDataSource       : HikariPool-1 - Start completed.
2021-06-05 15:08:54.021  INFO 25452 --- [  restartedMain] org.hibernate.dialect.Dialect            : HHH000400: Using dialect: org.hibernate.dialect.PostgreSQL10Dialect
2021-06-05 15:08:54.738  INFO 25452 --- [  restartedMain] o.h.e.t.j.p.i.JtaPlatformInitiator       : HHH000490: Using JtaPlatform implementation: [org.hibernate.engine.transaction.jta.platform.internal.NoJtaPlatform]
2021-06-05 15:08:54.756  INFO 25452 --- [  restartedMain] j.LocalContainerEntityManagerFactoryBean : Initialized JPA EntityManagerFactory for persistence unit 'default'
2021-06-05 15:08:54.876  WARN 25452 --- [  restartedMain] JpaBaseConfiguration$JpaWebConfiguration : spring.jpa.open-in-view is enabled by default. Therefore, database queries may be performed during view rendering. Explicitly configure spring.jpa.open-in-view to disable this warning
2021-06-05 15:08:55.672  WARN 25452 --- [  restartedMain] o.s.security.core.userdetails.User       : User.withDefaultPasswordEncoder() is considered unsafe for production and is only intended for sample applications.
2021-06-05 15:08:55.984  INFO 25452 --- [  restartedMain] o.s.s.web.DefaultSecurityFilterChain     : Will secure any request with [org.springframework.security.web.context.request.async.WebAsyncManagerIntegrationFilter@716ba0e3, org.springframework.security.web.context.SecurityContextPersistenceFilter@647ad30f, org.springframework.security.web.header.HeaderWriterFilter@4f319f5b, org.springframework.security.web.csrf.CsrfFilter@2e6eb64e, org.springframework.security.web.authentication.logout.LogoutFilter@707d2115, org.springframework.security.web.authentication.UsernamePasswordAuthenticationFilter@9e2283c, org.springframework.security.web.savedrequest.RequestCacheAwareFilter@74ab2985, org.springframework.security.web.servletapi.SecurityContextHolderAwareRequestFilter@79c73a50, org.springframework.security.web.authentication.AnonymousAuthenticationFilter@465f9bd, org.springframework.security.web.session.SessionManagementFilter@397e468a, org.springframework.security.web.access.ExceptionTranslationFilter@da8eb35, org.springframework.security.web.access.intercept.FilterSecurityInterceptor@5aafbec0]
2021-06-05 15:08:56.560  WARN 25452 --- [  restartedMain] o.s.b.d.a.OptionalLiveReloadServer       : Unable to start LiveReload server
2021-06-05 15:08:56.622  WARN 25452 --- [  restartedMain] ConfigServletWebServerApplicationContext : Exception encountered during context initialization - cancelling refresh attempt: org.springframework.context.ApplicationContextException: Failed to start bean 'webServerStartStop'; nested exception is org.springframework.boot.web.server.PortInUseException: Port 8080 is already in use
2021-06-05 15:08:56.625  INFO 25452 --- [  restartedMain] j.LocalContainerEntityManagerFactoryBean : Closing JPA EntityManagerFactory for persistence unit 'default'
2021-06-05 15:08:56.629  INFO 25452 --- [  restartedMain] com.zaxxer.hikari.HikariDataSource       : HikariPool-1 - Shutdown initiated...
2021-06-05 15:08:56.638  INFO 25452 --- [  restartedMain] com.zaxxer.hikari.HikariDataSource       : HikariPool-1 - Shutdown completed.
2021-06-05 15:08:56.643  INFO 25452 --- [  restartedMain] o.apache.catalina.core.StandardService   : Stopping service [Tomcat]
2021-06-05 15:08:56.658  INFO 25452 --- [  restartedMain] ConditionEvaluationReportLoggingListener : 

Error starting ApplicationContext. To display the conditions report re-run your application with 'debug' enabled.
2021-06-05 15:08:56.676 ERROR 25452 --- [  restartedMain] o.s.b.d.LoggingFailureAnalysisReporter   : 

***************************
APPLICATION FAILED TO START
***************************

Description:

Web server failed to start. Port 8080 was already in use.

Action:

Identify and stop the process that's listening on port 8080 or configure this application to listen on another port.

